// Jest Snapshot v1, https://goo.gl/fbAQLP

exports[`<Canvas /> renders correctly 1`] = `
<View
  onLayout={[Function]}
  onMoveShouldSetResponder={[Function]}
  onMoveShouldSetResponderCapture={[Function]}
  onResponderEnd={[Function]}
  onResponderGrant={[Function]}
  onResponderMove={[Function]}
  onResponderReject={[Function]}
  onResponderRelease={[Function]}
  onResponderStart={[Function]}
  onResponderTerminate={[Function]}
  onResponderTerminationRequest={[Function]}
  onStartShouldSetResponder={[Function]}
  onStartShouldSetResponderCapture={[Function]}
  style={
    Array [
      Object {
        "flex": 1,
      },
      undefined,
    ]
  }
>
  <RCTSafeAreaView
    emulateUnlessSupported={true}
    style={
      Object {
        "flex": 1,
      }
    }
  >
    <View
      style={
        Object {
          "backgroundColor": "white",
          "flex": 1,
        }
      }
    >
      <View
        style={
          Object {
            "bottom": 0,
            "left": 0,
            "position": "absolute",
            "right": 0,
            "top": 0,
          }
        }
      >
        <View
          style={
            Object {
              "alignItems": "center",
              "backgroundColor": "#f2f2f2",
              "display": "flex",
              "height": 65,
              "justifyContent": "center",
              "shadowColor": "#000",
              "shadowOffset": Object {
                "height": 2,
                "width": 2,
              },
              "shadowOpacity": 0.19,
              "shadowRadius": 0.23,
              "top": 0,
            }
          }
        >
          <Text
            style={
              Object {
                "color": "black",
                "textAlign": "center",
              }
            }
          >
            Test task
          </Text>
        </View>
        <View
          onLayout={[Function]}
          style={
            Object {
              "backgroundColor": "white",
              "bottom": 0,
              "flex": 1,
              "left": 0,
              "position": "absolute",
              "right": 0,
              "top": 45,
            }
          }
        >
          <View
            onDrop={[Function]}
            style={
              Object {
                "backgroundColor": "white",
                "bottom": 0,
                "flex": 1,
                "left": 0,
                "position": "absolute",
                "right": 0,
                "top": 45,
              }
            }
          >
            <View />
          </View>
        </View>
      </View>
      <View
        style={
          Array [
            Object {
              "alignItems": "center",
              "backgroundColor": "red",
              "borderRadius": 40,
              "bottom": 20,
              "display": "flex",
              "height": 60,
              "justifyContent": "center",
              "position": "absolute",
              "right": 10,
              "textAlign": "center",
              "width": 60,
            },
          ]
        }
      >
        <View
          accessible={true}
          focusable={true}
          onClick={[Function]}
          onResponderGrant={[Function]}
          onResponderMove={[Function]}
          onResponderRelease={[Function]}
          onResponderTerminate={[Function]}
          onResponderTerminationRequest={[Function]}
          onStartShouldSetResponder={[Function]}
          style={
            Object {
              "opacity": 1,
            }
          }
          testID="drawerButtom"
        >
          <Text
            style={
              Object {
                "color": "white",
                "fontSize": 20,
                "fontWeight": "bold",
                "textAlign": "center",
                "width": "100%",
              }
            }
          >
            +
          </Text>
        </View>
      </View>
    </View>
  </RCTSafeAreaView>
</View>
`;
